Realizei lgumas alteração e fiz o commit neste caso não tivemos problemas,
pois não foi realizado nenhuma alteração por outro usuario



silvio_mancilha@pop-os:~/workspace$ cd livro-receitas/
silvio_mancilha@pop-os:~/workspace/livro-receitas$ ls
README.md  README.md~  receitas
silvio_mancilha@pop-os:~/workspace/livro-receitas$ git add *
silvio_mancilha@pop-os:~/workspace/livro-receitas$ git commit -m "novas receitas"
[master 921373d] novas receitas
 4 files changed, 95 insertions(+), 27 deletions(-)
 create mode 100644 "receitas/Mousse de maracuj\303\241.md"
 create mode 100644 "receitas/Pudim Prest\303\255gio.md"
 rename receitas/{strogonoff.md => Strogonoff.md} (70%)
silvio_mancilha@pop-os:~/workspace/livro-receitas$ 
silvio_mancilha@pop-os:~/workspace/livro-receitas$ git status
No ramo master
nothing to commit, working tree clean
silvio_mancilha@pop-os:~/workspace/livro-receitas$ git push origin master
Enumerating objects: 10, done.
Counting objects: 100% (10/10), done.
Delta compression using up to 4 threads
Compressing objects: 100% (7/7), done.
Writing objects: 100% (7/7), 2.51 KiB | 2.51 MiB/s, done.
Total 7 (delta 0), reused 0 (delta 0), pack-reused 0
To github.com:Sirog68/livro-receita.git
   d541933..921373d  master -> master


se houvesse ocorrido alguma alteração por outro usuário(DEV) seriamos informados,
então teriamos que verificar através do comando 

> git pull origin master

são dadas as informações de conflito (Merge conflict in --nome do arquivo)

como resolver? Basta verificar se as alterações estão de acordo e realizar todo o prcesso de de envio


> git add * 
> git commit -m "--qualque informação--"
> git push origin master


e verificar no github se deu certo o commit


anexando um diretório de um DEV ao seu


no github basta garfa se for de seu interesse te-lo apena lá
para seu diretorio pessoal:


> git clone -endereço do github ---



pronto

